// Jest Snapshot v1, https://goo.gl/fbAQLP

exports[`payload should remove items with counts <= 1 1`] = `
Array [
  Object {
    "count": 2,
  },
]
`;
